FAIL
The mandatory attribute 'data-id' is missing in tag 'amp-3q-player'. (see https://www.ampproject.org/docs/reference/components/media/amp-3q-player) [AMP_TAG_PROBLEM]